// Jest Snapshot v1, https://goo.gl/fbAQLP

exports[`Default Layout renders the layout 1`] = `
"<main>
  <nuxt-stub></nuxt-stub>
</main>"
`;
