// Jest Snapshot v1, https://goo.gl/fbAQLP

exports[`Index Page test snapshot 1`] = `"<tutorial-stub></tutorial-stub>"`;
